../Core/Src/main.c:109:23:BTN_SELECT_Pressed	8	static
../Core/Src/main.c:114:23:BTN_START_Pressed	8	static
../Core/Src/main.c:119:13:update_drink_ratio	4	static
../Core/Src/main.c:138:13:lcd_show_menu	8	static
../Core/Src/main.c:166:20:PUMP_WINE_ON	8	static
../Core/Src/main.c:167:20:PUMP_WINE_OFF	8	static
../Core/Src/main.c:168:20:PUMP_WATER_ON	8	static
../Core/Src/main.c:169:20:PUMP_WATER_OFF	8	static
../Core/Src/main.c:172:17:seconds_to_ticks	24	static
../Core/Src/main.c:180:13:compute_targets	4	static
../Core/Src/main.c:186:13:stop_all	8	static
../Core/Src/main.c:195:13:start_cycle	16	static
../Core/Src/main.c:216:5:main	40	static
../Core/Src/main.c:359:6:SystemClock_Config	88	static
../Core/Src/main.c:393:6:HAL_TIM_PeriodElapsedCallback	24	static
../Core/Src/main.c:439:6:Error_Handler	4	static,ignoring_inline_asm
